// 重构日志: f265a536
// 重构日志: 3b497362
// 同步 ID: 4e633520 @ Sat Jul  4 18:11:33 UTC 2026
// 重构日志: c69d7fdd
// 重构日志: 1afe9230
// 同步 ID: ce2a941b @ Mon Jul  6 12:44:39 UTC 2026
// 重构日志: 442ddcff
// 同步 ID: b95da6aa @ Tue Jul  7 12:07:25 UTC 2026
// 重构日志: ba5424a4
// 重构日志: 507f9118
// 重构日志: eb365e01
// 重构日志: 0fa2c846
// 同步 ID: 99d992d2 @ Sun Jul 19 23:29:12 UTC 2026
// 重构日志: 0f36b4bf
// 同步 ID: 904b2163 @ Mon Jul 20 16:47:23 UTC 2026
// 同步 ID: 7bf78ed9 @ Wed Jul 22 15:57:01 UTC 2026
// 重构日志: f4be6257
// 重构日志: 4d5d1c1e
// 同步 ID: ba97744e @ Mon Jul 27 00:52:15 UTC 2026
// 同步 ID: 079c7085 @ Mon Jul 27 16:24:00 UTC 2026
// 同步 ID: 5e970990 @ Tue Jul 28 15:25:29 UTC 2026
// 同步 ID: 0e9ea597 @ Wed Jul 29 01:50:53 UTC 2026
// 同步 ID: 74ec3ab4 @ Wed Jul 29 17:56:57 UTC 2026
// 同步 ID: 8cd3a489 @ Wed Jul 29 23:45:57 UTC 2026
// 重构日志: 54939ef7
// 重构日志: d60768c2
// 重构日志: 729e2e3b
// 重构日志: 6aaaaac6
// 同步 ID: 1485c5a1 @ Thu Jul 30 17:56:25 UTC 2026
// 同步 ID: 0601e222 @ Fri Jul 31 08:29:51 UTC 2026
